C:\projects\AstralSolver\AstralSolver\Navigator\PerformanceScorer.cs(36,40): error CS0019: 貍皮ｮ怜ｭ・'==' 繧・'DecisionMode' 縺ｨ 'DecisionMode' 蝙九・繧ｪ繝壹Λ繝ｳ繝峨↓驕ｩ逕ｨ縺吶ｋ縺薙→縺ｯ縺ｧ縺阪∪縺帙ｓ [C:\projects\AstralSolver\AstralSolver\AstralSolver.csproj]
C:\projects\AstralSolver\AstralSolver\Core\DecisionEngine.cs(251,16): error CS0266: 蝙・'AstralSolver.DecisionMode' 繧・'AstralSolver.Core.DecisionMode' 縺ｫ證鈴ｻ咏噪縺ｫ螟画鋤縺ｧ縺阪∪縺帙ｓ縲よ・遉ｺ逧・↑螟画鋤縺悟ｭ伜惠縺励∪縺・(cast 縺御ｸ崎ｶｳ縺励※縺・↑縺・°縺ｩ縺・°繧堤｢ｺ隱阪＠縺ｦ縺上□縺輔＞) [C:\projects\AstralSolver\AstralSolver\AstralSolver.csproj]
C:\projects\AstralSolver\AstralSolver\Navigator\NavigatorRenderer.cs(108,16): error CS0019: 貍皮ｮ怜ｭ・'==' 繧・'DecisionMode' 縺ｨ 'DecisionMode' 蝙九・繧ｪ繝壹Λ繝ｳ繝峨↓驕ｩ逕ｨ縺吶ｋ縺薙→縺ｯ縺ｧ縺阪∪縺帙ｓ [C:\projects\AstralSolver\AstralSolver\AstralSolver.csproj]
C:\projects\AstralSolver\AstralSolver\UI\MainWindow.cs(288,44): error CS1061: 'string[]' 縺ｫ 'length' 縺ｮ螳夂ｾｩ縺悟性縺ｾ繧後※縺翫ｉ縺壹∝梛 'string[]' 縺ｮ譛蛻昴・蠑墓焚繧貞女縺台ｻ倥￠繧九い繧ｯ繧ｻ繧ｹ蜿ｯ閭ｽ縺ｪ諡｡蠑ｵ繝｡繧ｽ繝・ラ 'length' 縺瑚ｦ九▽縺九ｊ縺ｾ縺帙ｓ縺ｧ縺励◆縲Ｖsing 繝・ぅ繝ｬ繧ｯ繝・ぅ繝悶∪縺溘・繧｢繧ｻ繝ｳ繝悶Μ蜿ら・縺御ｸ崎ｶｳ縺励※縺・↑縺・％縺ｨ繧堤｢ｺ隱阪＠縺ｦ縺上□縺輔＞ [C:\projects\AstralSolver\AstralSolver\AstralSolver.csproj]

繝薙Ν繝峨↓螟ｱ謨励＠縺ｾ縺励◆縲・
    2 蛟九・隴ｦ蜻・
    4 繧ｨ繝ｩ繝ｼ

邨碁℃譎る俣 00:00:01.00
